CRITICAL - 2026-06-13 05:32:47 --> CodeIgniter\View\Exceptions\ViewException: Invalid file: "web-development.php"
[Method: GET, Route: web-development]
in SYSTEMPATH\Exceptions\FrameworkException.php on line 39.
 1 SYSTEMPATH\View\View.php(212): CodeIgniter\Exceptions\FrameworkException::forInvalidFile('web-development.php')
 2 SYSTEMPATH\Common.php(1173): CodeIgniter\View\View->render('web-development', [], true)
 3 APPPATH\Controllers\Home.php(161): view('web-development')
 4 SYSTEMPATH\CodeIgniter.php(933): App\Controllers\Home->webDevelopment()
 5 SYSTEMPATH\CodeIgniter.php(507): CodeIgniter\CodeIgniter->runController(Object(App\Controllers\Home))
 6 SYSTEMPATH\CodeIgniter.php(354): CodeIgniter\CodeIgniter->handleRequest(null, Object(Config\Cache), false)
 7 SYSTEMPATH\Boot.php(334): CodeIgniter\CodeIgniter->run()
 8 SYSTEMPATH\Boot.php(67): CodeIgniter\Boot::runCodeIgniter(Object(CodeIgniter\CodeIgniter))
 9 FCPATH\index.php(57): CodeIgniter\Boot::bootWeb(Object(Config\Paths))
CRITICAL - 2026-06-13 05:34:22 --> CodeIgniter\View\Exceptions\ViewException: Invalid file: "web-development.php"
[Method: GET, Route: web-development]
in SYSTEMPATH\Exceptions\FrameworkException.php on line 39.
 1 SYSTEMPATH\View\View.php(212): CodeIgniter\Exceptions\FrameworkException::forInvalidFile('web-development.php')
 2 SYSTEMPATH\Common.php(1173): CodeIgniter\View\View->render('web-development', [], true)
 3 APPPATH\Controllers\Home.php(161): view('web-development')
 4 SYSTEMPATH\CodeIgniter.php(933): App\Controllers\Home->webDevelopment()
 5 SYSTEMPATH\CodeIgniter.php(507): CodeIgniter\CodeIgniter->runController(Object(App\Controllers\Home))
 6 SYSTEMPATH\CodeIgniter.php(354): CodeIgniter\CodeIgniter->handleRequest(null, Object(Config\Cache), false)
 7 SYSTEMPATH\Boot.php(334): CodeIgniter\CodeIgniter->run()
 8 SYSTEMPATH\Boot.php(67): CodeIgniter\Boot::runCodeIgniter(Object(CodeIgniter\CodeIgniter))
 9 FCPATH\index.php(57): CodeIgniter\Boot::bootWeb(Object(Config\Paths))
CRITICAL - 2026-06-13 05:34:24 --> CodeIgniter\View\Exceptions\ViewException: Invalid file: "web-development.php"
[Method: GET, Route: web-development]
in SYSTEMPATH\Exceptions\FrameworkException.php on line 39.
 1 SYSTEMPATH\View\View.php(212): CodeIgniter\Exceptions\FrameworkException::forInvalidFile('web-development.php')
 2 SYSTEMPATH\Common.php(1173): CodeIgniter\View\View->render('web-development', [], true)
 3 APPPATH\Controllers\Home.php(161): view('web-development')
 4 SYSTEMPATH\CodeIgniter.php(933): App\Controllers\Home->webDevelopment()
 5 SYSTEMPATH\CodeIgniter.php(507): CodeIgniter\CodeIgniter->runController(Object(App\Controllers\Home))
 6 SYSTEMPATH\CodeIgniter.php(354): CodeIgniter\CodeIgniter->handleRequest(null, Object(Config\Cache), false)
 7 SYSTEMPATH\Boot.php(334): CodeIgniter\CodeIgniter->run()
 8 SYSTEMPATH\Boot.php(67): CodeIgniter\Boot::runCodeIgniter(Object(CodeIgniter\CodeIgniter))
 9 FCPATH\index.php(57): CodeIgniter\Boot::bootWeb(Object(Config\Paths))
CRITICAL - 2026-06-13 05:34:54 --> CodeIgniter\View\Exceptions\ViewException: Invalid file: "web-development.php"
[Method: GET, Route: web-development]
in SYSTEMPATH\Exceptions\FrameworkException.php on line 39.
 1 SYSTEMPATH\View\View.php(212): CodeIgniter\Exceptions\FrameworkException::forInvalidFile('web-development.php')
 2 SYSTEMPATH\Common.php(1173): CodeIgniter\View\View->render('web-development', [], true)
 3 APPPATH\Controllers\Home.php(161): view('web-development')
 4 SYSTEMPATH\CodeIgniter.php(933): App\Controllers\Home->webDevelopment()
 5 SYSTEMPATH\CodeIgniter.php(507): CodeIgniter\CodeIgniter->runController(Object(App\Controllers\Home))
 6 SYSTEMPATH\CodeIgniter.php(354): CodeIgniter\CodeIgniter->handleRequest(null, Object(Config\Cache), false)
 7 SYSTEMPATH\Boot.php(334): CodeIgniter\CodeIgniter->run()
 8 SYSTEMPATH\Boot.php(67): CodeIgniter\Boot::runCodeIgniter(Object(CodeIgniter\CodeIgniter))
 9 FCPATH\index.php(57): CodeIgniter\Boot::bootWeb(Object(Config\Paths))
CRITICAL - 2026-06-13 05:36:11 --> CodeIgniter\HTTP\Exceptions\BadRequestException: The URI you submitted has disallowed characters: "{{ route('web-development') }}"
[Method: GET, Route: %7B%7B%20route%28%27web-development%27%29%20%7D%7D]
in SYSTEMPATH\Router\Router.php on line 741.
 1 SYSTEMPATH\Router\Router.php(207): CodeIgniter\Router\Router->checkDisallowedChars('{{ route(\'web-development\') }}')
 2 SYSTEMPATH\CodeIgniter.php(832): CodeIgniter\Router\Router->handle('{{ route(\'web-development\') }}')
 3 SYSTEMPATH\CodeIgniter.php(455): CodeIgniter\CodeIgniter->tryToRouteIt(Object(CodeIgniter\Router\RouteCollection))
 4 SYSTEMPATH\CodeIgniter.php(354): CodeIgniter\CodeIgniter->handleRequest(null, Object(Config\Cache), false)
 5 SYSTEMPATH\Boot.php(334): CodeIgniter\CodeIgniter->run()
 6 SYSTEMPATH\Boot.php(67): CodeIgniter\Boot::runCodeIgniter(Object(CodeIgniter\CodeIgniter))
 7 FCPATH\index.php(57): CodeIgniter\Boot::bootWeb(Object(Config\Paths))
CRITICAL - 2026-06-13 05:48:02 --> CodeIgniter\View\Exceptions\ViewException: Invalid file: "web-development.php"
[Method: GET, Route: web-development]
in SYSTEMPATH\Exceptions\FrameworkException.php on line 39.
 1 SYSTEMPATH\View\View.php(212): CodeIgniter\Exceptions\FrameworkException::forInvalidFile('web-development.php')
 2 SYSTEMPATH\Common.php(1173): CodeIgniter\View\View->render('web-development', [], true)
 3 APPPATH\Controllers\Home.php(161): view('web-development')
 4 SYSTEMPATH\CodeIgniter.php(933): App\Controllers\Home->webDevelopment()
 5 SYSTEMPATH\CodeIgniter.php(507): CodeIgniter\CodeIgniter->runController(Object(App\Controllers\Home))
 6 SYSTEMPATH\CodeIgniter.php(354): CodeIgniter\CodeIgniter->handleRequest(null, Object(Config\Cache), false)
 7 SYSTEMPATH\Boot.php(334): CodeIgniter\CodeIgniter->run()
 8 SYSTEMPATH\Boot.php(67): CodeIgniter\Boot::runCodeIgniter(Object(CodeIgniter\CodeIgniter))
 9 FCPATH\index.php(57): CodeIgniter\Boot::bootWeb(Object(Config\Paths))
