CRITICAL - 2026-07-14 09:31:58 --> ErrorException: Undefined variable $service
[Method: GET, Route: tamil-plugins]
in APPPATH\Views\tamil_plugins.php on line 113.
 1 APPPATH\Views\tamil_plugins.php(113): CodeIgniter\Debug\Exceptions->errorHandler(2, 'Undefined variable $service', 'D:\\xampp82\\htdocs\\ivagaminfotech\\app\\Views\\tamil_plugins.php', 113)
 2 SYSTEMPATH\View\View.php(224): include('D:\\xampp82\\htdocs\\ivagaminfotech\\app\\Views\\tamil_plugins.php')
 3 SYSTEMPATH\View\View.php(227): CodeIgniter\View\View->CodeIgniter\View\{closure}()
 4 SYSTEMPATH\Common.php(1173): CodeIgniter\View\View->render('tamil_plugins', [], true)
 5 APPPATH\Controllers\Home.php(49): view('tamil_plugins')
 6 SYSTEMPATH\CodeIgniter.php(933): App\Controllers\Home->index('tamil-plugins')
 7 SYSTEMPATH\CodeIgniter.php(507): CodeIgniter\CodeIgniter->runController(Object(App\Controllers\Home))
 8 SYSTEMPATH\CodeIgniter.php(354): CodeIgniter\CodeIgniter->handleRequest(null, Object(Config\Cache), false)
 9 SYSTEMPATH\Boot.php(334): CodeIgniter\CodeIgniter->run()
10 SYSTEMPATH\Boot.php(67): CodeIgniter\Boot::runCodeIgniter(Object(CodeIgniter\CodeIgniter))
11 FCPATH\index.php(57): CodeIgniter\Boot::bootWeb(Object(Config\Paths))
CRITICAL - 2026-07-14 09:32:15 --> ErrorException: Undefined variable $service
[Method: GET, Route: tamil-plugins]
in APPPATH\Views\tamil_plugins.php on line 51.
 1 APPPATH\Views\tamil_plugins.php(51): CodeIgniter\Debug\Exceptions->errorHandler(2, 'Undefined variable $service', 'D:\\xampp82\\htdocs\\ivagaminfotech\\app\\Views\\tamil_plugins.php', 51)
 2 SYSTEMPATH\View\View.php(224): include('D:\\xampp82\\htdocs\\ivagaminfotech\\app\\Views\\tamil_plugins.php')
 3 SYSTEMPATH\View\View.php(227): CodeIgniter\View\View->CodeIgniter\View\{closure}()
 4 SYSTEMPATH\Common.php(1173): CodeIgniter\View\View->render('tamil_plugins', [], true)
 5 APPPATH\Controllers\Home.php(49): view('tamil_plugins')
 6 SYSTEMPATH\CodeIgniter.php(933): App\Controllers\Home->index('tamil-plugins')
 7 SYSTEMPATH\CodeIgniter.php(507): CodeIgniter\CodeIgniter->runController(Object(App\Controllers\Home))
 8 SYSTEMPATH\CodeIgniter.php(354): CodeIgniter\CodeIgniter->handleRequest(null, Object(Config\Cache), false)
 9 SYSTEMPATH\Boot.php(334): CodeIgniter\CodeIgniter->run()
10 SYSTEMPATH\Boot.php(67): CodeIgniter\Boot::runCodeIgniter(Object(CodeIgniter\CodeIgniter))
11 FCPATH\index.php(57): CodeIgniter\Boot::bootWeb(Object(Config\Paths))
CRITICAL - 2026-07-14 09:32:30 --> ErrorException: Undefined variable $testimonials
[Method: GET, Route: tamil-plugins]
in APPPATH\Views\tamil_plugins.php on line 32.
 1 APPPATH\Views\tamil_plugins.php(32): CodeIgniter\Debug\Exceptions->errorHandler(2, 'Undefined variable $testimonials', 'D:\\xampp82\\htdocs\\ivagaminfotech\\app\\Views\\tamil_plugins.php', 32)
 2 SYSTEMPATH\View\View.php(224): include('D:\\xampp82\\htdocs\\ivagaminfotech\\app\\Views\\tamil_plugins.php')
 3 SYSTEMPATH\View\View.php(227): CodeIgniter\View\View->CodeIgniter\View\{closure}()
 4 SYSTEMPATH\Common.php(1173): CodeIgniter\View\View->render('tamil_plugins', [], true)
 5 APPPATH\Controllers\Home.php(49): view('tamil_plugins')
 6 SYSTEMPATH\CodeIgniter.php(933): App\Controllers\Home->index('tamil-plugins')
 7 SYSTEMPATH\CodeIgniter.php(507): CodeIgniter\CodeIgniter->runController(Object(App\Controllers\Home))
 8 SYSTEMPATH\CodeIgniter.php(354): CodeIgniter\CodeIgniter->handleRequest(null, Object(Config\Cache), false)
 9 SYSTEMPATH\Boot.php(334): CodeIgniter\CodeIgniter->run()
10 SYSTEMPATH\Boot.php(67): CodeIgniter\Boot::runCodeIgniter(Object(CodeIgniter\CodeIgniter))
11 FCPATH\index.php(57): CodeIgniter\Boot::bootWeb(Object(Config\Paths))
