ERROR - 2026-06-12 10:31:34 --> Error connecting to the database: mysqli_sql_exception: Unknown database 'ivagam_web' in D:\xampp82\htdocs\ivagaminfotech\system\Database\MySQLi\Connection.php:201
Stack trace:
#0 D:\xampp82\htdocs\ivagaminfotech\system\Database\MySQLi\Connection.php(201): mysqli->real_connect('localhost', 'root', Object(SensitiveParameterValue), 'ivagam_web', 3306, '', 0)
#1 D:\xampp82\htdocs\ivagaminfotech\system\Database\BaseConnection.php(421): CodeIgniter\Database\MySQLi\Connection->connect(false)
#2 D:\xampp82\htdocs\ivagaminfotech\system\Database\BaseConnection.php(620): CodeIgniter\Database\BaseConnection->initialize()
#3 D:\xampp82\htdocs\ivagaminfotech\system\Database\BaseBuilder.php(1649): CodeIgniter\Database\BaseConnection->query('SELECT *\nFROM `...', Array, false)
#4 D:\xampp82\htdocs\ivagaminfotech\system\Model.php(286): CodeIgniter\Database\BaseBuilder->get()
#5 D:\xampp82\htdocs\ivagaminfotech\system\BaseModel.php(679): CodeIgniter\Model->doFindAll(0, 0)
#6 D:\xampp82\htdocs\ivagaminfotech\app\Models\OperationModel.php(24): CodeIgniter\BaseModel->findAll()
#7 D:\xampp82\htdocs\ivagaminfotech\app\Controllers\Home.php(53): App\Models\OperationModel->get_all_blogs()
#8 D:\xampp82\htdocs\ivagaminfotech\system\CodeIgniter.php(933): App\Controllers\Home->index()
#9 D:\xampp82\htdocs\ivagaminfotech\system\CodeIgniter.php(507): CodeIgniter\CodeIgniter->runController(Object(App\Controllers\Home))
#10 D:\xampp82\htdocs\ivagaminfotech\system\CodeIgniter.php(354): CodeIgniter\CodeIgniter->handleRequest(NULL, Object(Config\Cache), false)
#11 D:\xampp82\htdocs\ivagaminfotech\system\Boot.php(334): CodeIgniter\CodeIgniter->run()
#12 D:\xampp82\htdocs\ivagaminfotech\system\Boot.php(67): CodeIgniter\Boot::runCodeIgniter(Object(CodeIgniter\CodeIgniter))
#13 D:\xampp82\htdocs\ivagaminfotech\index.php(57): CodeIgniter\Boot::bootWeb(Object(Config\Paths))
#14 {main}

Next CodeIgniter\Database\Exceptions\DatabaseException: Unknown database 'ivagam_web' in D:\xampp82\htdocs\ivagaminfotech\system\Database\MySQLi\Connection.php:246
Stack trace:
#0 D:\xampp82\htdocs\ivagaminfotech\system\Database\BaseConnection.php(421): CodeIgniter\Database\MySQLi\Connection->connect(false)
#1 D:\xampp82\htdocs\ivagaminfotech\system\Database\BaseConnection.php(620): CodeIgniter\Database\BaseConnection->initialize()
#2 D:\xampp82\htdocs\ivagaminfotech\system\Database\BaseBuilder.php(1649): CodeIgniter\Database\BaseConnection->query('SELECT *\nFROM `...', Array, false)
#3 D:\xampp82\htdocs\ivagaminfotech\system\Model.php(286): CodeIgniter\Database\BaseBuilder->get()
#4 D:\xampp82\htdocs\ivagaminfotech\system\BaseModel.php(679): CodeIgniter\Model->doFindAll(0, 0)
#5 D:\xampp82\htdocs\ivagaminfotech\app\Models\OperationModel.php(24): CodeIgniter\BaseModel->findAll()
#6 D:\xampp82\htdocs\ivagaminfotech\app\Controllers\Home.php(53): App\Models\OperationModel->get_all_blogs()
#7 D:\xampp82\htdocs\ivagaminfotech\system\CodeIgniter.php(933): App\Controllers\Home->index()
#8 D:\xampp82\htdocs\ivagaminfotech\system\CodeIgniter.php(507): CodeIgniter\CodeIgniter->runController(Object(App\Controllers\Home))
#9 D:\xampp82\htdocs\ivagaminfotech\system\CodeIgniter.php(354): CodeIgniter\CodeIgniter->handleRequest(NULL, Object(Config\Cache), false)
#10 D:\xampp82\htdocs\ivagaminfotech\system\Boot.php(334): CodeIgniter\CodeIgniter->run()
#11 D:\xampp82\htdocs\ivagaminfotech\system\Boot.php(67): CodeIgniter\Boot::runCodeIgniter(Object(CodeIgniter\CodeIgniter))
#12 D:\xampp82\htdocs\ivagaminfotech\index.php(57): CodeIgniter\Boot::bootWeb(Object(Config\Paths))
#13 {main}
CRITICAL - 2026-06-12 10:31:34 --> CodeIgniter\Database\Exceptions\DatabaseException: Unable to connect to the database.
Main connection [MySQLi]: Unknown database 'ivagam_web'
[Method: GET, Route: /]
in SYSTEMPATH\Database\BaseConnection.php on line 467.
 1 SYSTEMPATH\Database\BaseConnection.php(620): CodeIgniter\Database\BaseConnection->initialize()
 2 SYSTEMPATH\Database\BaseBuilder.php(1649): CodeIgniter\Database\BaseConnection->query('SELECT *
FROM `blog`', [], false)
 3 SYSTEMPATH\Model.php(286): CodeIgniter\Database\BaseBuilder->get()
 4 SYSTEMPATH\BaseModel.php(679): CodeIgniter\Model->doFindAll(0, 0)
 5 APPPATH\Models\OperationModel.php(24): CodeIgniter\BaseModel->findAll()
 6 APPPATH\Controllers\Home.php(53): App\Models\OperationModel->get_all_blogs()
 7 SYSTEMPATH\CodeIgniter.php(933): App\Controllers\Home->index()
 8 SYSTEMPATH\CodeIgniter.php(507): CodeIgniter\CodeIgniter->runController(Object(App\Controllers\Home))
 9 SYSTEMPATH\CodeIgniter.php(354): CodeIgniter\CodeIgniter->handleRequest(null, Object(Config\Cache), false)
10 SYSTEMPATH\Boot.php(334): CodeIgniter\CodeIgniter->run()
11 SYSTEMPATH\Boot.php(67): CodeIgniter\Boot::runCodeIgniter(Object(CodeIgniter\CodeIgniter))
12 FCPATH\index.php(57): CodeIgniter\Boot::bootWeb(Object(Config\Paths))
